// Jest Snapshot v1, https://goo.gl/fbAQLP

exports[`mount a vue comp 1`] = `
<div>
  <h1>Hello Test</h1>
</div>
`;
